// Jest Snapshot v1, https://jestjs.io/docs/snapshot-testing

exports[`Icon should render defaults correctly 1`] = `
<div>
  <svg
    aria-hidden="true"
    class="v-icon v-icon-generic v-icon-low"
    focusable="false"
    height="24"
    viewBox="0 0 24 24"
    width="24"
  >
    <use
      href="generic-help-low"
      xlink:href="generic-help-low"
    />
  </svg>
</div>
`;
